// Jest Snapshot v1, https://goo.gl/fbAQLP

exports[`<HeaderMenu> Should render and match the snapshot 1`] = `
<Container
  backgroundColor="#465a65"
  color="#fff"
>
  <Connect(SelectLocale) />
  <SocialLinks
    color="#465a65"
  />
</Container>
`;
