// Jest Snapshot v1, https://goo.gl/fbAQLP

exports[`<Main /> should render and match the snapshot 1`] = `<StyledMain />`;
