// Jest Snapshot v1, https://goo.gl/fbAQLP

exports[`<Article /> Should render and match the snapshot 1`] = `
<StyledArticle
  loadingContent={false}
/>
`;
