// Jest Snapshot v1, https://goo.gl/fbAQLP

exports[`<Body /> should render and match the snapshot 1`] = `
<div
  className="Body-blECEm hdoTyu"
/>
`;
