// Jest Snapshot v1, https://goo.gl/fbAQLP

exports[`<Figure /> should render and match the snapshot 1`] = `
<figure
  className="Figure-kALeIc keGszn"
/>
`;
