// Jest Snapshot v1, https://goo.gl/fbAQLP

exports[`MediaAsset should render and match the snapshot 1`] = `
<Figure
  isOdd={true}
>
  <Body>
    <ImageWrapper
      imageDimensions={
        Object {
          "height": 10,
          "width": 20,
        }
      }
    >
      <img
        alt="Test image"
        src="/test-s.png"
      />
    </ImageWrapper>
  </Body>
</Figure>
`;
