// Jest Snapshot v1, https://goo.gl/fbAQLP

exports[`<NotFoundPage /> should render and match the snapshot 1`] = `
<React.Fragment>
  <HelmetWrapper
    defer={true}
    encodeSpecialCharacters={true}
  >
    <title>
      Niet gevonden
    </title>
    <meta
      content="Niet gevonden pagina van Johan Meester zijn portfolio"
      name="description"
    />
  </HelmetWrapper>
  <PageContent
    content={
      <FormattedMessage
        defaultMessage="I am sorry, but the page you requested does not exist or has been removed.
            Please go to the {home} page or, if you think this is an error, to the {contact} page and contact me."
        id="portfolio.page.NotFoundPage.content"
        values={
          Object {
            "contact": <FormattedMessage
              defaultMessage="contact"
              id="portfolio.page.NotFoundPage.contact"
              values={Object {}}
          >
              [Function]
          </FormattedMessage>,
            "home": <FormattedMessage
              defaultMessage="start"
              id="portfolio.page.NotFoundPage.home"
              values={Object {}}
          >
              [Function]
          </FormattedMessage>,
          }
        }
      />
    }
    title={
      <FormattedMessage
        defaultMessage="NOT FOUND"
        id="portfolio.page.NotFoundPage.title"
        values={Object {}}
      />
    }
  />
</React.Fragment>
`;
