// Jest Snapshot v1, https://goo.gl/fbAQLP

exports[`<P /> Should render and match the snapshot 1`] = `
.c0 {
  line-height: 1.5;
  margin: 1.5em 0;
  max-width: 30em;
  text-align: left;
  word-break: break-word;
}

<p
  className="c0"
/>
`;
