// Jest Snapshot v1, https://goo.gl/fbAQLP

exports[`<ContentWrapper /> should render and match the snapshot 1`] = `
@supports (display:grid) {
  .c0 {
    grid-area: pageContent;
  }
}

<div
  className="c0"
/>
`;
