// Jest Snapshot v1, https://goo.gl/fbAQLP

exports[`<Img /> should render and match the snapshot 1`] = `
<img
  className="Img-funbTP fTCDKo"
/>
`;
