// Jest Snapshot v1, https://goo.gl/fbAQLP

exports[`<Wrapper /> should render and match the snapshot 1`] = `
.c0 {
  display: -webkit-box;
  display: -webkit-flex;
  display: -ms-flexbox;
  display: flex;
  -webkit-flex-direction: column;
  -ms-flex-direction: column;
  flex-direction: column;
  min-height: 100%;
}

@supports (display:grid) {
  .c0 {
    display: grid;
    grid-template-rows: auto 1fr;
    grid-template-areas: 'header' 'main';
  }
}

<div
  className="c0"
/>
`;
