// Jest Snapshot v1, https://goo.gl/fbAQLP

exports[`<MediaBody /> should render and match the snapshot 1`] = `
<p
  className="MediaBody-gGrIhN gmMDcQ"
/>
`;
