// Jest Snapshot v1, https://goo.gl/fbAQLP

exports[`<MediaImage /> should adopt the "imageAlign" prop set to "bottom" 1`] = `
<MediaImage__StyledImg
  imageAlign="bottom"
  imageAlt="test"
  imageHeight="auto"
  imageSource="/test.png"
  imageWidth="100%"
  reverse={false}
/>
`;

exports[`<MediaImage /> should adopt the "imageAlign" prop set to "middle" 1`] = `
<MediaImage__StyledImg
  imageAlign="middle"
  imageAlt="test"
  imageHeight="auto"
  imageSource="/test.png"
  imageWidth="100%"
  reverse={false}
/>
`;

exports[`<MediaImage /> should adopt the "imageAlign" prop set to "top" 1`] = `
<MediaImage__StyledImg
  imageAlign="top"
  imageAlt="test"
  imageHeight="auto"
  imageSource="/test.png"
  imageWidth="100%"
  reverse={false}
/>
`;

exports[`<MediaImage /> should adopt the "imageHeight" prop 1`] = `
<MediaImage__StyledImg
  imageAlign="top"
  imageAlt="test"
  imageHeight="10px"
  imageSource="/test.png"
  imageWidth="100%"
  reverse={false}
/>
`;

exports[`<MediaImage /> should adopt the "imageWidth" prop 1`] = `
<MediaImage__StyledImg
  imageAlign="top"
  imageAlt="test"
  imageHeight="auto"
  imageSource="/test.png"
  imageWidth="10px"
  reverse={false}
/>
`;

exports[`<MediaImage /> should adopt the "reverse" prop 1`] = `
<MediaImage__StyledImg
  imageAlign="top"
  imageAlt="test"
  imageHeight="auto"
  imageSource="/test.png"
  imageWidth="100%"
  reverse={false}
/>
`;

exports[`<MediaImage /> should render and match the snapshot 1`] = `
<img
  alt="test"
  className="MediaImage__StyledImg-eVnySD xBBKk"
  src="/test.png"
/>
`;
