// Jest Snapshot v1, https://goo.gl/fbAQLP

exports[`<ProjectsListItem /> should render and match the snapshot 1`] = `
.c0 {
  margin: 0;
  padding: 0;
  position: relative;
  border-radius: 0.5rem;
  box-shadow: 0 0 10px grey;
  -webkit-transition: box-shadow 0.2s ease-in-out;
  transition: box-shadow 0.2s ease-in-out;
}

.c0:not(:first-child) {
  margin-top: 3rem;
}

.c0:nth-child(odd) {
  background-color: #aedd2c;
  color: #000;
}

.c0:nth-child(even) {
  background-color: #09f;
  color: #000;
}

@media (min-width:900px) {
  .c0 {
    box-shadow: none;
    -webkit-filter: drop-shadow(0 0 5px grey);
    filter: drop-shadow(0 0 5px grey);
    -webkit-transition: filter 0.2s ease-in-out;
    transition: filter 0.2s ease-in-out;
  }
}

@media (min-width:900px) {
  .c0:nth-child(odd) {
    margin-left: 14vw;
    border-bottom-right-radius: 0;
  }

  .c0:nth-child(odd)::after {
    content: '';
    height: 9vmin;
    left: 0;
    margin-top: -1px;
    position: absolute;
    right: 0;
    top: 100%;
    z-index: 1;
    background-image: url("data:image/svg+xml,%3Csvg xmlns='http://www.w3.org/2000/svg' viewBox='0 427.9 175.1 132.1' preserveAspectRatio='xMinYMid'%3E%3Cpath stroke='%23bfe458' fill='%23bfe458' d='M0 427.9l175.1 65.7-43.7-65.7z'/%3E%3Cpath fill='%238fb81e' d='M175.1 493.6l-87.5 21.9v-54.8'/%3E%3Cpath fill='%23bfe458' d='M87.6 515.5l21.2 44.5v-49.8'/%3E%3C/svg%3E");
    background-repeat: no-repeat;
    background-size: contain;
    background-position: left top;
    -webkit-transform: rotateY(180deg);
    -ms-transform: rotateY(180deg);
    transform: rotateY(180deg);
  }
}

@media (min-width:900px) {
  .c0:nth-child(even) {
    margin-right: 14vw;
    border-bottom-left-radius: 0;
  }

  .c0:nth-child(even)::after {
    content: '';
    height: 9vmin;
    left: 0;
    margin-top: -1px;
    position: absolute;
    right: 0;
    top: 100%;
    z-index: 1;
    background-image: url("data:image/svg+xml,%3Csvg xmlns='http://www.w3.org/2000/svg' viewBox='0 427.9 175.1 132.1' preserveAspectRatio='xMinYMid'%3E%3Cpath stroke='%2333adff' fill='%2333adff' d='M0 427.9l175.1 65.7-43.7-65.7z'/%3E%3Cpath fill='%23007acc' d='M175.1 493.6l-87.5 21.9v-54.8'/%3E%3Cpath fill='%2333adff' d='M87.6 515.5l21.2 44.5v-49.8'/%3E%3C/svg%3E");
    background-repeat: no-repeat;
    background-size: contain;
    background-position: left top;
  }
}

<li
  className="c0"
/>
`;
