// Jest Snapshot v1, https://goo.gl/fbAQLP

exports[`<IntroPageArticle /> should render and match the snapshot 1`] = `
<article
  className="IntroPageArticle-dHlzbf kYshAN"
/>
`;
