// Jest Snapshot v1, https://goo.gl/fbAQLP

exports[`<IntroHeader /> should render and match the snapshot 1`] = `
<header
  className="IntroHeader-duvUp hJobGm"
/>
`;
